[2025-10-26 23:02:05] [RUN] git checkout main
[2025-10-26 23:02:05] M	README.md
[2025-10-26 23:02:05] Your branch is up to date with 'origin/main'.
[2025-10-26 23:02:05] Already on 'main'
[2025-10-26 23:02:05] [RUN] git pull origin main
[2025-10-26 23:02:05] error: cannot pull with rebase: You have unstaged changes.
[2025-10-26 23:02:05] error: Please commit or stash them.
[2025-10-26 23:02:25] [RUN] git checkout -b initial_PRD
[2025-10-26 23:02:25] Switched to a new branch 'initial_PRD'
🔄 Syncing 'initial_PRD' with latest main...
[2025-10-26 23:02:25] [RUN] git fetch origin
[2025-10-26 23:02:30] [RUN] git merge origin/main
[2025-10-26 23:02:30] Already up to date.
[2025-10-26 23:02:30] [RUN] git status
[2025-10-26 23:02:30] On branch initial_PRD
[2025-10-26 23:02:30] Changes not staged for commit:
[2025-10-26 23:02:30]   (use "git add <file>..." to update what will be committed)
[2025-10-26 23:02:30]   (use "git restore <file>..." to discard changes in working directory)
[2025-10-26 23:02:30] 	modified:   README.md
[2025-10-26 23:02:30] 
[2025-10-26 23:02:30] Untracked files:
[2025-10-26 23:02:30]   (use "git add <file>..." to include in what will be committed)
[2025-10-26 23:02:30] 	sync.log
[2025-10-26 23:02:30] 
[2025-10-26 23:02:30] no changes added to commit (use "git add" and/or "git commit -a")
[2025-10-26 23:02:34] [RUN] git add .
[2025-10-26 23:02:34] warning: in the working copy of 'sync.log', LF will be replaced by CRLF the next time Git touches it
[2025-10-26 23:03:35] [RUN] git commit -m adding the "PRD" -m This is just the initial "PRD", might have to change after any suggestions of the faculty.
[2025-10-26 23:03:35] [initial_PRD 9960183] adding the "PRD"
[2025-10-26 23:03:35]  2 files changed, 129 insertions(+), 1 deletion(-)
[2025-10-26 23:03:35]  create mode 100644 sync.log
[2025-10-26 23:03:39] [RUN] git push -u origin initial_PRD
[2025-10-26 23:03:39] remote: 
[2025-10-26 23:03:39] remote: Create a pull request for 'initial_PRD' on GitHub by visiting:        
[2025-10-26 23:03:39] remote:      https://github.com/MuzahidurSaim/CRM-327/pull/new/initial_PRD        
[2025-10-26 23:03:39] remote: 
[2025-10-26 23:03:39] branch 'initial_PRD' set up to track 'origin/initial_PRD'.
[2025-10-26 23:03:39] To https://github.com/MuzahidurSaim/CRM-327
[2025-10-26 23:03:39]  * [new branch]      initial_PRD -> initial_PRD
👉 Now open a Pull Request on GitHub for branch 'initial_PRD' into main.
Repo: ./CRM-327
Branch: initial_PRD
Last commit: 9960183 - adding the "PRD" (10 seconds ago) <MuzahidurSaim>

[2025-10-28 00:05:12] [RUN] git checkout main
[2025-10-28 00:05:12] error: Your local changes to the following files would be overwritten by checkout:
[2025-10-28 00:05:12] 	sync.log
[2025-10-28 00:05:12] Please commit your changes or stash them before you switch branches.
[2025-10-28 00:05:12] Aborting
[2025-10-28 00:05:12] [RUN] git pull origin main
[2025-10-28 00:05:12] error: cannot pull with rebase: You have unstaged changes.
[2025-10-28 00:05:12] error: Please commit or stash them.
👋 Exiting script as requested.
[2025-10-28 21:56:50] [RUN] git checkout main
[2025-10-28 21:56:50] error: Your local changes to the following files would be overwritten by checkout:
[2025-10-28 21:56:50] 	README.md
[2025-10-28 21:56:50] 	sync.log
[2025-10-28 21:56:50] Please commit your changes or stash them before you switch branches.
[2025-10-28 21:56:50] Aborting
[2025-10-28 21:56:51] [RUN] git pull origin main
[2025-10-28 21:56:51] error: cannot pull with rebase: You have unstaged changes.
[2025-10-28 21:56:51] error: Please commit or stash them.
👋 Exiting script as requested.
[2025-10-29 00:31:25] [RUN] git checkout main
[2025-10-29 00:31:25] error: Your local changes to the following files would be overwritten by checkout:
[2025-10-29 00:31:25] 	README.md
[2025-10-29 00:31:25] 	sync.log
[2025-10-29 00:31:25] Please commit your changes or stash them before you switch branches.
[2025-10-29 00:31:25] Aborting
[2025-10-29 00:31:25] [RUN] git pull origin main
[2025-10-29 00:31:25] error: cannot pull with rebase: You have unstaged changes.
[2025-10-29 00:31:25] error: Please commit or stash them.
[2025-10-29 00:31:46] [RUN] git checkout -b repo_initialization
[2025-10-29 00:31:46] Switched to a new branch 'repo_initialization'
🔄 Syncing 'repo_initialization' with latest main...
[2025-10-29 00:31:47] [RUN] git fetch origin
[2025-10-29 00:31:47] From https://github.com/MuzahidurSaim/CRM-327
[2025-10-29 00:31:47]    0c6f536..328a237  main       -> origin/main
[2025-10-29 00:31:52] [RUN] git merge origin/main
[2025-10-29 00:31:52] Updating 9960183..328a237
[2025-10-29 00:31:52] Fast-forward
[2025-10-29 00:31:52] [RUN] git status
[2025-10-29 00:31:52] On branch repo_initialization
[2025-10-29 00:31:52] Changes not staged for commit:
[2025-10-29 00:31:52]   (use "git add <file>..." to update what will be committed)
[2025-10-29 00:31:52]   (use "git restore <file>..." to discard changes in working directory)
[2025-10-29 00:31:52] 	modified:   README.md
[2025-10-29 00:31:52] 	modified:   sync.log
[2025-10-29 00:31:52] 
[2025-10-29 00:31:52] Untracked files:
[2025-10-29 00:31:52]   (use "git add <file>..." to include in what will be committed)
[2025-10-29 00:31:52] 	crm-backend/
[2025-10-29 00:31:52] 	crm-frontend/
[2025-10-29 00:31:52] 
[2025-10-29 00:31:52] no changes added to commit (use "git add" and/or "git commit -a")
[2025-10-29 00:31:56] [RUN] git add .
[2025-11-03 20:14:49] [RUN] git checkout main
[2025-11-03 20:14:49] M	sync.log
[2025-11-03 20:14:49] Your branch is up to date with 'origin/main'.
[2025-11-03 20:14:49] Already on 'main'
[2025-11-03 20:14:49] [RUN] git pull origin main
[2025-11-03 20:14:49] error: cannot pull with rebase: You have unstaged changes.
[2025-11-03 20:14:49] error: Please commit or stash them.
👋 Exiting script as requested.
[2025-11-03 20:37:44] [RUN] git checkout main
[2025-11-03 20:37:44] M	sync.log
[2025-11-03 20:37:44] Your branch is up to date with 'origin/main'.
[2025-11-03 20:37:44] Already on 'main'
[2025-11-03 20:37:45] [RUN] git pull origin main
[2025-11-03 20:37:45] error: cannot pull with rebase: You have unstaged changes.
[2025-11-03 20:37:45] error: Please commit or stash them.
👋 Exiting script as requested.
[2025-11-03 22:15:30] [RUN] git checkout main
[2025-11-03 22:15:30] M	sync.log
[2025-11-03 22:15:30] Your branch is up to date with 'origin/main'.
[2025-11-03 22:15:30] Already on 'main'
[2025-11-03 22:15:31] [RUN] git pull origin main
[2025-11-03 22:15:31] error: cannot pull with rebase: You have unstaged changes.
[2025-11-03 22:15:31] error: Please commit or stash them.
👋 Exiting script as requested.
[2025-11-04 06:27:44] [RUN] git checkout main
[2025-11-04 06:27:44] M	crm-backend/.gitattributes
[2025-11-04 06:27:44] M	crm-backend/.gitignore
[2025-11-04 06:27:44] M	crm-backend/.mvn/wrapper/maven-wrapper.properties
[2025-11-04 06:27:44] M	crm-backend/mvnw.cmd
[2025-11-04 06:27:44] M	crm-backend/pom.xml
[2025-11-04 06:27:44] M	crm-backend/src/main/java/com/crm/CrmBackendApplication.java
[2025-11-04 06:27:44] A	crm-backend/src/main/java/com/crm/config/SecurityConfig.java
[2025-11-04 06:27:44] A	crm-backend/src/main/java/com/crm/config/WebConfig.java
[2025-11-04 06:27:44] A	crm-backend/src/main/java/com/crm/controller/HelloController.java
[2025-11-04 06:27:44] M	crm-backend/src/main/resources/application.properties
[2025-11-04 06:27:44] M	crm-backend/src/test/java/com/crm/CrmBackendApplicationTests.java
[2025-11-04 06:27:44] M	crm-frontend/.gitignore
[2025-11-04 06:27:44] M	crm-frontend/README.md
[2025-11-04 06:27:44] M	crm-frontend/package-lock.json
[2025-11-04 06:27:44] M	crm-frontend/package.json
[2025-11-04 06:27:44] M	crm-frontend/public/index.html
[2025-11-04 06:27:44] M	crm-frontend/public/manifest.json
[2025-11-04 06:27:44] M	crm-frontend/public/robots.txt
[2025-11-04 06:27:44] M	crm-frontend/src/App.css
[2025-11-04 06:27:44] M	crm-frontend/src/App.js
[2025-11-04 06:27:44] M	crm-frontend/src/App.test.js
[2025-11-04 06:27:44] M	crm-frontend/src/index.css
[2025-11-04 06:27:44] M	crm-frontend/src/index.js
[2025-11-04 06:27:44] M	crm-frontend/src/reportWebVitals.js
[2025-11-04 06:27:44] M	crm-frontend/src/setupTests.js
[2025-11-04 06:27:44] M	sync.log
[2025-11-04 06:27:44] Your branch is up to date with 'origin/main'.
[2025-11-04 06:27:44] Already on 'main'
[2025-11-04 06:27:46] [RUN] git pull origin main
[2025-11-04 06:27:46] error: cannot pull with rebase: You have unstaged changes.
[2025-11-04 06:27:46] error: additionally, your index contains uncommitted changes.
[2025-11-04 06:27:46] error: Please commit or stash them.
[2025-11-04 06:28:53] [RUN] git checkout -b backend_frontend_connection
[2025-11-04 06:28:53] Switched to a new branch 'backend_frontend_connection'
🔄 Syncing 'backend_frontend_connection' with latest main...
[2025-11-04 06:28:53] [RUN] git fetch origin
[2025-11-04 06:29:02] [RUN] git merge origin/main
[2025-11-04 06:29:02] Already up to date.
[2025-11-04 06:29:02] [RUN] git status
[2025-11-04 06:29:02] On branch backend_frontend_connection
[2025-11-04 06:29:02] Changes to be committed:
[2025-11-04 06:29:02]   (use "git restore --staged <file>..." to unstage)
[2025-11-04 06:29:02] 	new file:   crm-backend/src/main/java/com/crm/config/SecurityConfig.java
[2025-11-04 06:29:02] 	new file:   crm-backend/src/main/java/com/crm/config/WebConfig.java
[2025-11-04 06:29:02] 	new file:   crm-backend/src/main/java/com/crm/controller/HelloController.java
[2025-11-04 06:29:02] 
[2025-11-04 06:29:02] Changes not staged for commit:
[2025-11-04 06:29:02]   (use "git add <file>..." to update what will be committed)
[2025-11-04 06:29:02]   (use "git restore <file>..." to discard changes in working directory)
[2025-11-04 06:29:02] 	modified:   crm-backend/.gitattributes
[2025-11-04 06:29:02] 	modified:   crm-backend/.gitignore
[2025-11-04 06:29:02] 	modified:   crm-backend/.mvn/wrapper/maven-wrapper.properties
[2025-11-04 06:29:02] 	modified:   crm-backend/mvnw.cmd
[2025-11-04 06:29:02] 	modified:   crm-backend/pom.xml
[2025-11-04 06:29:02] 	modified:   crm-backend/src/main/java/com/crm/CrmBackendApplication.java
[2025-11-04 06:29:02] 	modified:   crm-backend/src/main/resources/application.properties
[2025-11-04 06:29:02] 	modified:   crm-backend/src/test/java/com/crm/CrmBackendApplicationTests.java
[2025-11-04 06:29:02] 	modified:   crm-frontend/.gitignore
[2025-11-04 06:29:02] 	modified:   crm-frontend/README.md
[2025-11-04 06:29:02] 	modified:   crm-frontend/package-lock.json
[2025-11-04 06:29:02] 	modified:   crm-frontend/package.json
[2025-11-04 06:29:02] 	modified:   crm-frontend/public/index.html
[2025-11-04 06:29:02] 	modified:   crm-frontend/public/manifest.json
[2025-11-04 06:29:02] 	modified:   crm-frontend/public/robots.txt
[2025-11-04 06:29:02] 	modified:   crm-frontend/src/App.css
[2025-11-04 06:29:02] 	modified:   crm-frontend/src/App.js
[2025-11-04 06:29:02] 	modified:   crm-frontend/src/App.test.js
[2025-11-04 06:29:02] 	modified:   crm-frontend/src/index.css
[2025-11-04 06:29:02] 	modified:   crm-frontend/src/index.js
[2025-11-04 06:29:02] 	modified:   crm-frontend/src/reportWebVitals.js
[2025-11-04 06:29:02] 	modified:   crm-frontend/src/setupTests.js
[2025-11-04 06:29:02] 	modified:   sync.log
[2025-11-04 06:29:02] 
[2025-11-04 06:29:07] [RUN] git add .
[2025-11-04 06:29:07] warning: in the working copy of 'crm-backend/.gitattributes', LF will be replaced by CRLF the next time Git touches it
[2025-11-04 06:29:07] warning: in the working copy of 'crm-backend/.gitignore', LF will be replaced by CRLF the next time Git touches it
[2025-11-04 06:29:07] warning: in the working copy of 'crm-backend/.mvn/wrapper/maven-wrapper.properties', LF will be replaced by CRLF the next time Git touches it
[2025-11-04 06:29:07] warning: in the working copy of 'crm-backend/mvnw.cmd', LF will be replaced by CRLF the next time Git touches it
[2025-11-04 06:29:07] warning: in the working copy of 'crm-backend/pom.xml', LF will be replaced by CRLF the next time Git touches it
[2025-11-04 06:29:07] warning: in the working copy of 'crm-backend/src/main/java/com/crm/CrmBackendApplication.java', LF will be replaced by CRLF the next time Git touches it
[2025-11-04 06:29:07] warning: in the working copy of 'crm-backend/src/main/resources/application.properties', LF will be replaced by CRLF the next time Git touches it
[2025-11-04 06:29:07] warning: in the working copy of 'crm-backend/src/test/java/com/crm/CrmBackendApplicationTests.java', LF will be replaced by CRLF the next time Git touches it
[2025-11-04 06:29:07] warning: in the working copy of 'crm-frontend/.gitignore', LF will be replaced by CRLF the next time Git touches it
[2025-11-04 06:29:07] warning: in the working copy of 'crm-frontend/README.md', LF will be replaced by CRLF the next time Git touches it
[2025-11-04 06:29:07] warning: in the working copy of 'crm-frontend/package-lock.json', LF will be replaced by CRLF the next time Git touches it
[2025-11-04 06:29:07] warning: in the working copy of 'crm-frontend/package.json', LF will be replaced by CRLF the next time Git touches it
[2025-11-04 06:29:07] warning: in the working copy of 'crm-frontend/public/index.html', LF will be replaced by CRLF the next time Git touches it
[2025-11-04 06:29:07] warning: in the working copy of 'crm-frontend/public/manifest.json', LF will be replaced by CRLF the next time Git touches it
[2025-11-04 06:29:07] warning: in the working copy of 'crm-frontend/public/robots.txt', LF will be replaced by CRLF the next time Git touches it
[2025-11-04 06:29:07] warning: in the working copy of 'crm-frontend/src/App.css', LF will be replaced by CRLF the next time Git touches it
[2025-11-04 06:29:07] warning: in the working copy of 'crm-frontend/src/App.js', LF will be replaced by CRLF the next time Git touches it
[2025-11-04 06:29:07] warning: in the working copy of 'crm-frontend/src/App.test.js', LF will be replaced by CRLF the next time Git touches it
[2025-11-04 06:29:07] warning: in the working copy of 'crm-frontend/src/index.css', LF will be replaced by CRLF the next time Git touches it
[2025-11-04 06:29:07] warning: in the working copy of 'crm-frontend/src/index.js', LF will be replaced by CRLF the next time Git touches it
[2025-11-04 06:29:07] warning: in the working copy of 'crm-frontend/src/reportWebVitals.js', LF will be replaced by CRLF the next time Git touches it
[2025-11-04 06:29:07] warning: in the working copy of 'crm-frontend/src/setupTests.js', LF will be replaced by CRLF the next time Git touches it
[2025-11-04 06:29:07] warning: in the working copy of 'sync.log', LF will be replaced by CRLF the next time Git touches it
[2025-11-04 06:32:29] [RUN] git commit -m Connecting "backend" with "frontend". -m Here, we have added a simple test endpoint and allowed "CORS" in the backend. Then, we call the backend API.
[2025-11-04 06:32:29] [backend_frontend_connection 9b375c3] Connecting "backend" with "frontend".
[2025-11-04 06:32:29]  10 files changed, 226 insertions(+), 66 deletions(-)
[2025-11-04 06:32:29]  create mode 100644 crm-backend/src/main/java/com/crm/config/SecurityConfig.java
[2025-11-04 06:32:29]  create mode 100644 crm-backend/src/main/java/com/crm/config/WebConfig.java
[2025-11-04 06:32:29]  create mode 100644 crm-backend/src/main/java/com/crm/controller/HelloController.java
[2025-11-04 06:32:35] [RUN] git push -u origin backend_frontend_connection
[2025-11-04 06:32:35] remote: 
[2025-11-04 06:32:35] remote: Create a pull request for 'backend_frontend_connection' on GitHub by visiting:        
[2025-11-04 06:32:35] remote:      https://github.com/MuzahidurSaim/CRM-327/pull/new/backend_frontend_connection        
[2025-11-04 06:32:35] remote: 
[2025-11-04 06:32:35] branch 'backend_frontend_connection' set up to track 'origin/backend_frontend_connection'.
[2025-11-04 06:32:35] To https://github.com/MuzahidurSaim/CRM-327.git
[2025-11-04 06:32:35]  * [new branch]      backend_frontend_connection -> backend_frontend_connection
👉 Now open a Pull Request on GitHub for branch 'backend_frontend_connection' into main.
Repo: ./CRM-327
Branch: backend_frontend_connection
Last commit: 9b375c3 - Connecting "backend" with "frontend". (8 seconds ago) <MuzahidurSaim>

[2025-11-04 11:48:21] [RUN] git checkout main
[2025-11-04 11:48:21] error: Your local changes to the following files would be overwritten by checkout:
[2025-11-04 11:48:21] 	sync.log
[2025-11-04 11:48:21] Please commit your changes or stash them before you switch branches.
[2025-11-04 11:48:21] Aborting
[2025-11-04 11:48:22] [RUN] git pull origin main
[2025-11-04 11:48:22] error: cannot pull with rebase: You have unstaged changes.
[2025-11-04 11:48:22] error: Please commit or stash them.
👋 Exiting script as requested.
[2025-11-04 13:27:11] [RUN] git checkout main
[2025-11-04 13:27:11] error: Your local changes to the following files would be overwritten by checkout:
[2025-11-04 13:27:11] 	sync.log
[2025-11-04 13:27:11] Please commit your changes or stash them before you switch branches.
[2025-11-04 13:27:11] Aborting
[2025-11-04 13:27:12] [RUN] git pull origin main
[2025-11-04 13:27:12] error: cannot pull with rebase: You have unstaged changes.
[2025-11-04 13:27:12] error: Please commit or stash them.
👋 Exiting script as requested.
[2025-11-04 13:49:57] [RUN] git checkout main
[2025-11-04 13:49:57] error: Your local changes to the following files would be overwritten by checkout:
[2025-11-04 13:49:57] 	crm-backend/pom.xml
[2025-11-04 13:49:57] 	crm-backend/src/main/java/com/crm/config/SecurityConfig.java
[2025-11-04 13:49:57] 	crm-backend/src/main/resources/application.properties
[2025-11-04 13:49:57] 	crm-frontend/src/App.js
[2025-11-04 13:49:57] 	sync.log
[2025-11-04 13:49:57] Please commit your changes or stash them before you switch branches.
[2025-11-04 13:49:57] Aborting
[2025-11-04 13:49:58] [RUN] git pull origin main
[2025-11-04 13:49:58] error: cannot pull with rebase: You have unstaged changes.
[2025-11-04 13:49:58] error: additionally, your index contains uncommitted changes.
[2025-11-04 13:49:58] error: Please commit or stash them.
[2025-11-04 13:50:22] [RUN] git checkout -b backend_authentication
[2025-11-04 13:50:22] Switched to a new branch 'backend_authentication'
🔄 Syncing 'backend_authentication' with latest main...
[2025-11-04 13:50:23] [RUN] git fetch origin
[2025-11-04 13:50:23] From https://github.com/MuzahidurSaim/CRM-327
[2025-11-04 13:50:23]    bdc178e..9db9135  main       -> origin/main
[2025-11-04 13:50:28] [RUN] git merge origin/main
[2025-11-04 13:50:28] Updating 9b375c3..9db9135
[2025-11-04 13:50:28] Fast-forward
[2025-11-04 13:50:29] [RUN] git status
[2025-11-04 13:50:29] On branch backend_authentication
[2025-11-04 13:50:29] Changes to be committed:
[2025-11-04 13:50:29]   (use "git restore --staged <file>..." to unstage)
[2025-11-04 13:50:29] 	new file:   crm-backend/src/main/java/com/crm/config/JwtProperties.java
[2025-11-04 13:50:29] 	new file:   crm-backend/src/main/java/com/crm/controller/AuthController.java
[2025-11-04 13:50:29] 	new file:   crm-backend/src/main/java/com/crm/dto/AuthRequest.java
[2025-11-04 13:50:29] 	new file:   crm-backend/src/main/java/com/crm/dto/AuthResponse.java
[2025-11-04 13:50:29] 	new file:   crm-backend/src/main/java/com/crm/dto/RegisterRequest.java
[2025-11-04 13:50:29] 	new file:   crm-backend/src/main/java/com/crm/entity/Company.java
[2025-11-04 13:50:29] 	new file:   crm-backend/src/main/java/com/crm/entity/User.java
[2025-11-04 13:50:29] 	new file:   crm-backend/src/main/java/com/crm/repository/CompanyRepository.java
[2025-11-04 13:50:29] 	new file:   crm-backend/src/main/java/com/crm/repository/UserRepository.java
[2025-11-04 13:50:29] 	new file:   crm-backend/src/main/java/com/crm/security/JwtAuthenticationFilter.java
[2025-11-04 13:50:29] 	new file:   crm-backend/src/main/java/com/crm/security/JwtUtil.java
[2025-11-04 13:50:29] 	new file:   crm-frontend/src/Login.js
[2025-11-04 13:50:29] 	new file:   crm-frontend/src/Register.js
[2025-11-04 13:50:29] 
[2025-11-04 13:50:29] Changes not staged for commit:
[2025-11-04 13:50:29]   (use "git add <file>..." to update what will be committed)
[2025-11-04 13:50:29]   (use "git restore <file>..." to discard changes in working directory)
[2025-11-04 13:50:29] 	modified:   crm-backend/pom.xml
[2025-11-04 13:50:29] 	modified:   crm-backend/src/main/java/com/crm/config/SecurityConfig.java
[2025-11-04 13:50:29] 	modified:   crm-backend/src/main/resources/application.properties
[2025-11-04 13:50:29] 	modified:   crm-frontend/src/App.js
[2025-11-04 13:50:29] 	modified:   sync.log
[2025-11-04 13:50:29] 
[2025-11-04 13:50:34] [RUN] git add .
[2025-11-04 13:50:34] warning: in the working copy of 'crm-backend/pom.xml', LF will be replaced by CRLF the next time Git touches it
[2025-11-04 13:50:34] warning: in the working copy of 'crm-backend/src/main/resources/application.properties', LF will be replaced by CRLF the next time Git touches it
[2025-11-04 13:50:34] warning: in the working copy of 'crm-frontend/src/App.js', LF will be replaced by CRLF the next time Git touches it
[2025-11-04 13:50:34] warning: in the working copy of 'sync.log', LF will be replaced by CRLF the next time Git touches it
[2025-11-04 13:52:13] [RUN] git commit -m finished the "backend authentication" configuration. -m Here, we have modified our backend and frontend part for authentication. We have created new files such as
[2025-11-04 13:52:13] [backend_authentication 526d0a4] finished the "backend authentication" configuration.
[2025-11-04 13:52:13]  18 files changed, 650 insertions(+), 14 deletions(-)
[2025-11-04 13:52:13]  create mode 100644 crm-backend/src/main/java/com/crm/config/JwtProperties.java
[2025-11-04 13:52:13]  create mode 100644 crm-backend/src/main/java/com/crm/controller/AuthController.java
[2025-11-04 13:52:13]  create mode 100644 crm-backend/src/main/java/com/crm/dto/AuthRequest.java
[2025-11-04 13:52:13]  create mode 100644 crm-backend/src/main/java/com/crm/dto/AuthResponse.java
[2025-11-04 13:52:13]  create mode 100644 crm-backend/src/main/java/com/crm/dto/RegisterRequest.java
[2025-11-04 13:52:13]  create mode 100644 crm-backend/src/main/java/com/crm/entity/Company.java
[2025-11-04 13:52:13]  create mode 100644 crm-backend/src/main/java/com/crm/entity/User.java
[2025-11-04 13:52:13]  create mode 100644 crm-backend/src/main/java/com/crm/repository/CompanyRepository.java
[2025-11-04 13:52:13]  create mode 100644 crm-backend/src/main/java/com/crm/repository/UserRepository.java
[2025-11-04 13:52:13]  create mode 100644 crm-backend/src/main/java/com/crm/security/JwtAuthenticationFilter.java
[2025-11-04 13:52:13]  create mode 100644 crm-backend/src/main/java/com/crm/security/JwtUtil.java
[2025-11-04 13:52:13]  create mode 100644 crm-frontend/src/Login.js
[2025-11-04 13:52:13]  create mode 100644 crm-frontend/src/Register.js
[2025-11-04 13:52:25] [RUN] git push -u origin backend_authentication
[2025-11-04 13:52:25] remote: 
[2025-11-04 13:52:25] remote: Create a pull request for 'backend_authentication' on GitHub by visiting:        
[2025-11-04 13:52:25] remote:      https://github.com/MuzahidurSaim/CRM-327/pull/new/backend_authentication        
[2025-11-04 13:52:25] remote: 
[2025-11-04 13:52:25] branch 'backend_authentication' set up to track 'origin/backend_authentication'.
[2025-11-04 13:52:25] To https://github.com/MuzahidurSaim/CRM-327.git
[2025-11-04 13:52:25]  * [new branch]      backend_authentication -> backend_authentication
👉 Now open a Pull Request on GitHub for branch 'backend_authentication' into main.
Repo: ./CRM-327
Branch: backend_authentication
Last commit: 526d0a4 - finished the "backend authentication" configuration. (16 seconds ago) <MuzahidurSaim>

[2025-11-04 14:01:10] [RUN] git checkout main
[2025-11-04 14:01:10] error: Your local changes to the following files would be overwritten by checkout:
[2025-11-04 14:01:10] 	crm-frontend/package-lock.json
[2025-11-04 14:01:10] 	sync.log
[2025-11-04 14:01:10] Please commit your changes or stash them before you switch branches.
[2025-11-04 14:01:10] Aborting
[2025-11-04 14:01:11] [RUN] git pull origin main
[2025-11-04 14:01:11] error: cannot pull with rebase: You have unstaged changes.
[2025-11-04 14:01:11] error: Please commit or stash them.
[2025-11-04 14:02:03] [RUN] git checkout -b install_jwt-decode
[2025-11-04 14:02:03] Switched to a new branch 'install_jwt-decode'
🔄 Syncing 'install_jwt-decode' with latest main...
[2025-11-04 14:02:03] [RUN] git fetch origin
[2025-11-04 14:02:03] From https://github.com/MuzahidurSaim/CRM-327
[2025-11-04 14:02:03]    9db9135..30d1fd7  main       -> origin/main
[2025-11-04 14:02:09] [RUN] git merge origin/main
[2025-11-04 14:02:09] Updating 526d0a4..30d1fd7
[2025-11-04 14:02:09] Fast-forward
[2025-11-04 14:02:10] [RUN] git status
[2025-11-04 14:02:10] On branch install_jwt-decode
[2025-11-04 14:02:10] Changes not staged for commit:
[2025-11-04 14:02:10]   (use "git add <file>..." to update what will be committed)
[2025-11-04 14:02:10]   (use "git restore <file>..." to discard changes in working directory)
[2025-11-04 14:02:10] 	modified:   crm-frontend/package-lock.json
[2025-11-04 14:02:10] 	modified:   crm-frontend/package.json
[2025-11-04 14:02:10] 	modified:   sync.log
[2025-11-04 14:02:10] 
[2025-11-04 14:02:10] no changes added to commit (use "git add" and/or "git commit -a")
[2025-11-04 14:02:14] [RUN] git add .
